// Jest Snapshot v1, https://goo.gl/fbAQLP

exports[`LoadingText without props Should match snapshot 1`] = `
.c0 {
  text-align: center;
  margin: 5px 0;
  color: #001529;
  font-weight: bold;
  overflow: hidden;
  height: 1.3em;
  margin-top: -0.3em;
  line-height: 1.5em;
  vertical-align: text-bottom;
}

.c0::after {
  display: inline-table;
  white-space: pre;
  text-align: left;
  content: '\\A.\\A..\\A...';
  -webkit-animation: OedUF 2s steps(4) infinite;
  animation: OedUF 2s steps(4) infinite;
}

<p
  className="c0"
/>
`;
