// Jest Snapshot v1, https://goo.gl/fbAQLP

exports[`Loader without props Should match snapshot 1`] = `
.c0 {
  border: 8px solid;
  border-radius: 50%;
  border-top: 8px solid #001529;
  border-bottom: 8px solid #001529;
  width: 60px;
  height: 60px;
  -webkit-animation: iECmZH 1s linear infinite;
  animation: iECmZH 1s linear infinite;
  margin: 0 auto 5px;
}

<div
  className="c0"
/>
`;
